.loop-engineering/iterations/001/diff.patch:52: trailing whitespace.
+- 
.loop-engineering/iterations/001/diff.patch:69: trailing whitespace.
+- 
.loop-engineering/iterations/001/diff.patch:108: trailing whitespace.
+- 
.loop-engineering/iterations/001/diff.patch:192: trailing whitespace.
+- 
.loop-engineering/iterations/001/diff.patch:201: trailing whitespace.
+- 
.loop-engineering/iterations/001/diff.patch:203: trailing whitespace.
+- 
.loop-engineering/iterations/001/eval.log:23: trailing whitespace.
++- 
.loop-engineering/iterations/001/eval.log:25: trailing whitespace.
++- 
.loop-engineering/iterations/001/eval.log:27: trailing whitespace.
++- 
.loop-engineering/iterations/001/eval.log:29: trailing whitespace.
++- 
.loop-engineering/iterations/001/eval.log:31: trailing whitespace.
++- 
.loop-engineering/iterations/001/eval.log:33: trailing whitespace.
++- 
.loop-engineering/iterations/001/gate-diff_check.log:2: trailing whitespace.
++- 
.loop-engineering/iterations/001/gate-diff_check.log:4: trailing whitespace.
++- 
.loop-engineering/iterations/001/gate-diff_check.log:6: trailing whitespace.
++- 
.loop-engineering/iterations/001/gate-diff_check.log:8: trailing whitespace.
++- 
.loop-engineering/iterations/001/gate-diff_check.log:10: trailing whitespace.
++- 
.loop-engineering/iterations/001/gate-diff_check.log:12: trailing whitespace.
++- 
